// Jest Snapshot v1, https://goo.gl/fbAQLP

exports[`Snapshot conversion can perform conversion 1`] = `
{
  "detector": {
    "name": "NowSecure",
    "url": "https://www.nowsecure.com/",
    "version": Any<String>,
  },
  "job": {
    "correlator": "exampleJob",
    "id": "42",
  },
  "manifests": {
    "Payload/Example.app/ExampleFramework/Info.plist": g {
      "file": undefined,
      "name": "Payload/Example.app/ExampleFramework/Info.plist",
      "resolved": {
        "pkg:cocoapods/ExamplePod3@3.0.0": {
          "dependencies": [],
          "package_url": "pkg:cocoapods/ExamplePod3@3.0.0",
          "relationship": "direct",
          "scope": undefined,
        },
      },
    },
    "Payload/Example.app/libexample.dylib": g {
      "file": undefined,
      "name": "Payload/Example.app/libexample.dylib",
      "resolved": {
        "pkg:generic/libexample@1.0.0": {
          "dependencies": [],
          "package_url": "pkg:generic/libexample@1.0.0",
          "relationship": "direct",
          "scope": undefined,
        },
      },
    },
    "Podfile.lock": g {
      "file": undefined,
      "name": "Podfile.lock",
      "resolved": {
        "pkg:cocoapods/ExamplePod1@1.0.0": {
          "dependencies": [],
          "package_url": "pkg:cocoapods/ExamplePod1@1.0.0",
          "relationship": "direct",
          "scope": undefined,
        },
        "pkg:cocoapods/ExamplePod2@2.0.0": {
          "dependencies": [],
          "package_url": "pkg:cocoapods/ExamplePod2@2.0.0",
          "relationship": "direct",
          "scope": undefined,
        },
      },
    },
  },
  "ref": "exampleRef",
  "scanned": "2000-01-01T00:00:00.000Z",
  "sha": Any<String>,
  "version": 0,
}
`;
