// Jest Snapshot v1, https://goo.gl/fbAQLP

exports[`Snapshot conversion can perform conversion 1`] = `
{
  "detector": {
    "name": "NowSecure",
    "url": "https://www.nowsecure.com/",
    "version": Any<String>,
  },
  "job": {
    "correlator": "",
    "id": "0",
  },
  "manifests": {
    "Payload/Example.app/ExampleFramework/Info.plist": {
      "name": "Payload/Example.app/ExampleFramework/Info.plist",
      "resolved": {
        "ExamplePod3": {
          "package_url": "pkg:cocoapods/ExamplePod3@3.0.0",
          "relationship": "direct",
        },
      },
    },
    "Payload/Example.app/libexample.dylib": {
      "name": "Payload/Example.app/libexample.dylib",
      "resolved": {
        "libexample": {
          "package_url": "pkg:generic/libexample@1.0.0",
          "relationship": "direct",
        },
      },
    },
    "Podfile.lock": {
      "name": "Podfile.lock",
      "resolved": {
        "ExamplePod1": {
          "package_url": "pkg:cocoapods/ExamplePod1@1.0.0",
          "relationship": "direct",
        },
        "ExamplePod2": {
          "package_url": "pkg:cocoapods/ExamplePod2@2.0.0",
          "relationship": "direct",
        },
      },
    },
  },
  "ref": "",
  "scanned": "2000-01-01T00:00:00.000Z",
  "sha": "",
  "version": 0,
}
`;
